---
source: crates/etch-core/tests/corpus_tests.rs
expression: result
---
{
  "document": {
    "frontmatter": null,
    "body": [
      {
        "type": "Paragraph",
        "content": [
          {
            "type": "Emphasis",
            "content": [
              {
                "type": "Text",
                "value": "Italic"
              }
            ]
          },
          {
            "type": "Text",
            "value": " opens this sentence."
          },
          {
            "type": "SoftBreak"
          },
          {
            "type": "Text",
            "value": "This sentence has "
          },
          {
            "type": "Emphasis",
            "content": [
              {
                "type": "Text",
                "value": "italic"
              }
            ]
          },
          {
            "type": "Text",
            "value": " in the middle."
          },
          {
            "type": "SoftBreak"
          },
          {
            "type": "Text",
            "value": "This sentence ends with "
          },
          {
            "type": "Emphasis",
            "content": [
              {
                "type": "Text",
                "value": "italic"
              }
            ]
          },
          {
            "type": "Text",
            "value": "."
          }
        ]
      }
    ]
  },
  "errors": []
}
