---
source: crates/etch-core/tests/corpus_tests.rs
expression: result
---
{
  "document": {
    "frontmatter": null,
    "body": [
      {
        "type": "BlockDirective",
        "name": "aside",
        "body": [
          {
            "type": "Paragraph",
            "content": [
              {
                "type": "Text",
                "value": "This leaf directive starts with valid text."
              }
            ]
          },
          {
            "type": "BlockDirective",
            "name": "spoiler",
            "body": [
              {
                "type": "Paragraph",
                "content": [
                  {
                    "type": "Text",
                    "value": "This nested directive should cause a parse error."
                  }
                ]
              }
            ]
          }
        ]
      }
    ]
  },
  "errors": [
    {
      "kind": "Error",
      "message": "Leaf directive cannot contain nested directive '::spoiler'",
      "line": 6,
      "column": 1
    }
  ]
}
