---
source: crates/etch-core/tests/corpus_tests.rs
expression: result
---
{
  "document": {
    "frontmatter": null,
    "body": [
      {
        "type": "Paragraph",
        "content": [
          {
            "type": "Text",
            "value": "Use "
          },
          {
            "type": "InlineDirective",
            "directive_id": 1,
            "span": {
              "start": {
                "line": 1,
                "column": 5
              },
              "end": {
                "line": 1,
                "column": 56
              }
            },
            "name": "name",
            "attrs": {
              "pairs": {
                "active": "true",
                "count": "3",
                "text": "value with spaces"
              }
            }
          },
          {
            "type": "Text",
            "value": " in the contact card."
          }
        ]
      }
    ]
  },
  "errors": []
}
