---
source: crates/etch-core/tests/corpus_tests.rs
assertion_line: 414
expression: result
---
{
  "document": {
    "frontmatter": null,
    "body": [
      {
        "type": "List",
        "ordered": false,
        "items": [
          {
            "content": [
              {
                "type": "Paragraph",
                "content": [
                  {
                    "type": "Text",
                    "value": "Reserve the campsite"
                  }
                ]
              }
            ],
            "checked": true
          },
          {
            "content": [
              {
                "type": "Paragraph",
                "content": [
                  {
                    "type": "Text",
                    "value": "Print the route map"
                  }
                ]
              }
            ],
            "checked": false
          },
          {
            "content": [
              {
                "type": "Paragraph",
                "content": [
                  {
                    "type": "Text",
                    "value": "Download the offline guide"
                  }
                ]
              }
            ],
            "checked": true
          },
          {
            "content": [
              {
                "type": "Paragraph",
                "content": [
                  {
                    "type": "Text",
                    "value": "Pack the first-aid kit"
                  }
                ]
              }
            ],
            "checked": false
          }
        ]
      }
    ]
  },
  "errors": []
}
