---
source: crates/etch-core/tests/corpus_tests.rs
expression: result
---
{
  "document": {
    "frontmatter": null,
    "body": [
      {
        "type": "BlockDirective",
        "directive_id": 1,
        "span": {
          "start": {
            "line": 3,
            "column": 1
          },
          "end": {
            "line": 4,
            "column": 3
          }
        },
        "name": "note",
        "raw_body": "",
        "body": []
      }
    ]
  },
  "errors": []
}
