---
source: crates/etch-core/tests/corpus_tests.rs
expression: result
---
{
  "document": {
    "frontmatter": null,
    "body": [
      {
        "type": "Paragraph",
        "content": [
          {
            "type": "Text",
            "value": "The familiar equation "
          },
          {
            "type": "InlineDirective",
            "name": "math",
            "content": [
              {
                "type": "Text",
                "value": "E = mc^2"
              }
            ]
          },
          {
            "type": "Text",
            "value": " appears before the display form."
          }
        ]
      },
      {
        "type": "BlockDirective",
        "name": "math",
        "body": [
          {
            "type": "Paragraph",
            "content": [
              {
                "type": "Text",
                "value": "\\int_0"
              },
              {
                "type": "Superscript",
                "content": [
                  {
                    "type": "Text",
                    "value": "1 x"
                  }
                ]
              },
              {
                "type": "Text",
                "value": "2 \\, dx = \\frac{1}{3}"
              },
              {
                "type": "SoftBreak"
              },
              {
                "type": "Text",
                "value": "E = mc^2"
              },
              {
                "type": "SoftBreak"
              },
              {
                "type": "Text",
                "value": "\\nabla \\cdot \\vec{F} = 0"
              }
            ]
          }
        ]
      }
    ]
  },
  "errors": []
}
