---
source: crates/etch-core/tests/corpus_tests.rs
expression: result
---
{
  "document": {
    "frontmatter": null,
    "body": [
      {
        "type": "ContainerDirective",
        "directive_id": 1,
        "span": {
          "start": {
            "line": 3,
            "column": 1
          },
          "end": {
            "line": 12,
            "column": 12
          }
        },
        "name": "chapter",
        "attrs": {
          "pairs": {
            "title": "Lantern Watch"
          }
        },
        "raw_body": "# Arrival\n\nThe road was clear before sunrise.\n\nThe river path stayed quiet after noon.\n\n- Check the gate\n- Lock the storehouse",
        "body": [
          {
            "type": "Heading",
            "level": 1,
            "content": [
              {
                "type": "Text",
                "value": "Arrival"
              }
            ]
          },
          {
            "type": "Paragraph",
            "content": [
              {
                "type": "Text",
                "value": "The road was clear before sunrise."
              }
            ]
          },
          {
            "type": "Paragraph",
            "content": [
              {
                "type": "Text",
                "value": "The river path stayed quiet after noon."
              }
            ]
          },
          {
            "type": "List",
            "ordered": false,
            "items": [
              {
                "content": [
                  {
                    "type": "Paragraph",
                    "content": [
                      {
                        "type": "Text",
                        "value": "Check the gate"
                      }
                    ]
                  }
                ]
              },
              {
                "content": [
                  {
                    "type": "Paragraph",
                    "content": [
                      {
                        "type": "Text",
                        "value": "Lock the storehouse"
                      }
                    ]
                  }
                ]
              }
            ]
          }
        ],
        "named_close": true
      }
    ]
  },
  "errors": []
}
