---
source: crates/etch-core/tests/corpus_tests.rs
expression: result
---
{
  "document": {
    "frontmatter": null,
    "body": [
      {
        "type": "BlockDirective",
        "name": "figure",
        "attrs": {
          "pairs": {
            "caption": "A scenic view",
            "width": "80%"
          }
        },
        "body": [
          {
            "type": "Paragraph",
            "content": [
              {
                "type": "Image",
                "url": "photos/north-ridge.jpg",
                "alt": "North ridge overlook"
              }
            ]
          }
        ]
      }
    ]
  },
  "errors": []
}
