---
source: crates/etch-core/tests/corpus_tests.rs
expression: result
---
{
  "document": {
    "frontmatter": null,
    "body": [
      {
        "type": "ContainerDirective",
        "directive_id": 1,
        "span": {
          "start": {
            "line": 3,
            "column": 1
          },
          "end": {
            "line": 14,
            "column": 12
          }
        },
        "name": "columns",
        "attrs": {
          "pairs": {
            "count": "2",
            "gap": "1rem"
          }
        },
        "raw_body": ":::column\n## Left Notes\n\nPack the stove fuel and the spare wick.\n:::/column\n:::column\n## Right Notes\n\nLeave the tide chart with the dockmaster.\n:::/column",
        "body": [
          {
            "type": "ContainerDirective",
            "directive_id": 2,
            "span": {
              "start": {
                "line": 4,
                "column": 1
              },
              "end": {
                "line": 8,
                "column": 11
              }
            },
            "name": "column",
            "raw_body": "## Left Notes\n\nPack the stove fuel and the spare wick.",
            "body": [
              {
                "type": "Heading",
                "level": 2,
                "content": [
                  {
                    "type": "Text",
                    "value": "Left Notes"
                  }
                ]
              },
              {
                "type": "Paragraph",
                "content": [
                  {
                    "type": "Text",
                    "value": "Pack the stove fuel and the spare wick."
                  }
                ]
              }
            ],
            "named_close": true
          },
          {
            "type": "ContainerDirective",
            "directive_id": 3,
            "span": {
              "start": {
                "line": 9,
                "column": 1
              },
              "end": {
                "line": 13,
                "column": 11
              }
            },
            "name": "column",
            "raw_body": "## Right Notes\n\nLeave the tide chart with the dockmaster.",
            "body": [
              {
                "type": "Heading",
                "level": 2,
                "content": [
                  {
                    "type": "Text",
                    "value": "Right Notes"
                  }
                ]
              },
              {
                "type": "Paragraph",
                "content": [
                  {
                    "type": "Text",
                    "value": "Leave the tide chart with the dockmaster."
                  }
                ]
              }
            ],
            "named_close": true
          }
        ],
        "named_close": true
      }
    ]
  },
  "errors": []
}
