---
source: crates/etch-core/tests/corpus_tests.rs
expression: result
---
{
  "document": {
    "frontmatter": null,
    "body": [
      {
        "type": "Paragraph",
        "content": [
          {
            "type": "Emphasis",
            "content": [
              {
                "type": "Text",
                "value": "italic"
              }
            ]
          },
          {
            "type": "Strong",
            "content": [
              {
                "type": "Text",
                "value": "bold"
              }
            ]
          },
          {
            "type": "InlineCode",
            "value": "code"
          },
          {
            "type": "Text",
            "value": " starts this line."
          },
          {
            "type": "SoftBreak"
          },
          {
            "type": "Text",
            "value": "This line has "
          },
          {
            "type": "Highlight",
            "content": [
              {
                "type": "Text",
                "value": "mark"
              }
            ]
          },
          {
            "type": "Insert",
            "content": [
              {
                "type": "Text",
                "value": "insert"
              }
            ]
          },
          {
            "type": "Strikethrough",
            "content": [
              {
                "type": "Text",
                "value": "gone"
              }
            ]
          },
          {
            "type": "Text",
            "value": " in the middle."
          },
          {
            "type": "SoftBreak"
          },
          {
            "type": "Text",
            "value": "This line ends with "
          },
          {
            "type": "Superscript",
            "content": [
              {
                "type": "Text",
                "value": "up"
              }
            ]
          },
          {
            "type": "Subscript",
            "content": [
              {
                "type": "Text",
                "value": "down"
              }
            ]
          },
          {
            "type": "Emphasis",
            "content": [
              {
                "type": "Text",
                "value": "tail"
              }
            ]
          },
          {
            "type": "Text",
            "value": "."
          }
        ]
      }
    ]
  },
  "errors": []
}
