---
source: crates/etch-core/tests/corpus_tests.rs
expression: result
---
{
  "document": {
    "frontmatter": null,
    "body": [
      {
        "type": "ContainerDirective",
        "name": "columns",
        "attrs": {
          "pairs": {
            "count": "2",
            "gap": "1rem"
          }
        },
        "body": [
          {
            "type": "Paragraph",
            "content": [
              {
                "type": "Text",
                "value": "Left and right content are grouped under one container."
              }
            ]
          }
        ],
        "named_close": true
      }
    ]
  },
  "errors": []
}
