---
source: crates/etch-core/tests/corpus_tests.rs
expression: result
---
{
  "document": {
    "frontmatter": null,
    "body": [
      {
        "type": "BlockQuote",
        "content": [
          {
            "type": "Paragraph",
            "content": [
              {
                "type": "Text",
                "value": "The harbor bell rang once before dawn."
              },
              {
                "type": "SoftBreak"
              },
              {
                "type": "Text",
                "value": "Fishing boats shifted against the pier."
              }
            ]
          },
          {
            "type": "Paragraph",
            "content": [
              {
                "type": "Text",
                "value": "By sunrise the market square was already awake."
              },
              {
                "type": "SoftBreak"
              },
              {
                "type": "Text",
                "value": "Bread smoke drifted between the stalls."
              }
            ]
          }
        ]
      }
    ]
  },
  "errors": []
}
