---
source: crates/etch-core/tests/corpus_tests.rs
expression: result
---
{
  "document": {
    "frontmatter": null,
    "body": [
      {
        "type": "Paragraph",
        "content": [
          {
            "type": "Text",
            "value": "The margin note says "
          },
          {
            "type": "InlineDirective",
            "directive_id": 1,
            "span": {
              "start": {
                "line": 1,
                "column": 22
              },
              "end": {
                "line": 1,
                "column": 80
              }
            },
            "name": "tooltip",
            "content": [
              {
                "type": "Strong",
                "content": [
                  {
                    "type": "Text",
                    "value": "bold"
                  }
                ]
              },
              {
                "type": "Text",
                "value": " and "
              },
              {
                "type": "Emphasis",
                "content": [
                  {
                    "type": "Text",
                    "value": "italic"
                  }
                ]
              },
              {
                "type": "Text",
                "value": " content"
              }
            ],
            "raw_content": "**bold** and *italic* content",
            "attrs": {
              "pairs": {
                "text": "extra info"
              }
            }
          },
          {
            "type": "Text",
            "value": " beside the chart."
          }
        ]
      }
    ]
  },
  "errors": []
}
