---
source: crates/etch-core/tests/corpus_tests.rs
expression: result
---
{
  "document": {
    "frontmatter": null,
    "body": [
      {
        "type": "BlockDirective",
        "directive_id": 1,
        "span": {
          "start": {
            "line": 3,
            "column": 1
          },
          "end": {
            "line": 13,
            "column": 3
          }
        },
        "name": "aside",
        "raw_body": "First paragraph inside the aside.\n\nSecond paragraph still belongs to the same directive.\n\n- Pack the spare map\n- Bring the brass compass\n- Check the tide chart\n\nThe third paragraph ends with **bold** emphasis.",
        "body": [
          {
            "type": "Paragraph",
            "content": [
              {
                "type": "Text",
                "value": "First paragraph inside the aside."
              }
            ]
          },
          {
            "type": "Paragraph",
            "content": [
              {
                "type": "Text",
                "value": "Second paragraph still belongs to the same directive."
              }
            ]
          },
          {
            "type": "List",
            "ordered": false,
            "items": [
              {
                "content": [
                  {
                    "type": "Paragraph",
                    "content": [
                      {
                        "type": "Text",
                        "value": "Pack the spare map"
                      }
                    ]
                  }
                ]
              },
              {
                "content": [
                  {
                    "type": "Paragraph",
                    "content": [
                      {
                        "type": "Text",
                        "value": "Bring the brass compass"
                      }
                    ]
                  }
                ]
              },
              {
                "content": [
                  {
                    "type": "Paragraph",
                    "content": [
                      {
                        "type": "Text",
                        "value": "Check the tide chart"
                      }
                    ]
                  }
                ]
              }
            ]
          },
          {
            "type": "Paragraph",
            "content": [
              {
                "type": "Text",
                "value": "The third paragraph ends with "
              },
              {
                "type": "Strong",
                "content": [
                  {
                    "type": "Text",
                    "value": "bold"
                  }
                ]
              },
              {
                "type": "Text",
                "value": " emphasis."
              }
            ]
          }
        ]
      }
    ]
  },
  "errors": []
}
