---
source: crates/etch-core/tests/corpus_tests.rs
expression: result
---
{
  "document": {
    "frontmatter": null,
    "body": [
      {
        "type": "Paragraph",
        "content": [
          {
            "type": "Text",
            "value": "Water is H"
          },
          {
            "type": "Subscript",
            "content": [
              {
                "type": "Text",
                "value": "2"
              }
            ]
          },
          {
            "type": "Text",
            "value": "O in the field notes  and the stove emits CO"
          },
          {
            "type": "Subscript",
            "content": [
              {
                "type": "Text",
                "value": "2"
              }
            ]
          },
          {
            "type": "Text",
            "value": "."
          }
        ]
      }
    ]
  },
  "errors": []
}
