---
source: crates/etch-core/tests/corpus_tests.rs
expression: result
---
{
  "document": {
    "frontmatter": null,
    "body": [
      {
        "type": "Heading",
        "level": 1,
        "content": [
          {
            "type": "Text",
            "value": "A "
          },
          {
            "type": "Strong",
            "content": [
              {
                "type": "Text",
                "value": "bold"
              }
            ]
          },
          {
            "type": "Text",
            "value": " heading"
          }
        ]
      },
      {
        "type": "Heading",
        "level": 2,
        "content": [
          {
            "type": "Text",
            "value": "An "
          },
          {
            "type": "Emphasis",
            "content": [
              {
                "type": "Text",
                "value": "italic"
              }
            ]
          },
          {
            "type": "Text",
            "value": " heading"
          }
        ]
      },
      {
        "type": "Heading",
        "level": 3,
        "content": [
          {
            "type": "Text",
            "value": "A "
          },
          {
            "type": "InlineCode",
            "value": "code"
          },
          {
            "type": "Text",
            "value": " heading"
          }
        ]
      }
    ]
  },
  "errors": []
}
