---
source: crates/etch-core/tests/corpus_tests.rs
assertion_line: 915
expression: result
---
{
  "document": {
    "frontmatter": {
      "raw": "title: \"Token Bucket Reference\"\nauthor: \"infra-team\"\ndate: 2026-03-24\n",
      "fields": {
        "author": "infra-team",
        "date": "2026-03-24",
        "title": "Token Bucket Reference"
      }
    },
    "body": [
      {
        "type": "Heading",
        "level": 1,
        "content": [
          {
            "type": "Text",
            "value": "Token Bucket API"
          }
        ],
        "attrs": {
          "id": "token-bucket",
          "classes": [
            "reference"
          ]
        }
      },
      {
        "type": "Paragraph",
        "content": [
          {
            "type": "Text",
            "value": "The "
          },
          {
            "type": "InlineDirective",
            "directive_id": 1,
            "span": {
              "start": {
                "line": 1,
                "column": 5
              },
              "end": {
                "line": 1,
                "column": 58
              }
            },
            "name": "abbr",
            "content": [
              {
                "type": "Text",
                "value": "API"
              }
            ],
            "raw_content": "API",
            "attrs": {
              "pairs": {
                "title": "Application Programming Interface"
              }
            }
          },
          {
            "type": "Text",
            "value": " refill model uses "
          },
          {
            "type": "InlineDirective",
            "directive_id": 2,
            "span": {
              "start": {
                "line": 1,
                "column": 77
              },
              "end": {
                "line": 1,
                "column": 94
              }
            },
            "name": "math",
            "content": [
              {
                "type": "Text",
                "value": "r \\times t"
              }
            ],
            "raw_content": "r \\times t"
          },
          {
            "type": "Text",
            "value": " tokens over time, where "
          },
          {
            "type": "InlineCode",
            "value": "r"
          },
          {
            "type": "Text",
            "value": " is the refill rate."
          },
          {
            "type": "FootnoteReference",
            "label": "rate"
          }
        ]
      },
      {
        "type": "BlockDirective",
        "directive_id": 3,
        "span": {
          "start": {
            "line": 13,
            "column": 1
          },
          "end": {
            "line": 15,
            "column": 3
          }
        },
        "name": "math",
        "raw_body": "tokens(t) = \\min(capacity, tokens_0 + r t)",
        "body": [
          {
            "type": "Paragraph",
            "content": [
              {
                "type": "Text",
                "value": "tokens(t) = \\min(capacity, tokens_0 + r t)"
              }
            ]
          }
        ]
      },
      {
        "type": "Paragraph",
        "content": [
          {
            "type": "Text",
            "value": "For more background, see "
          },
          {
            "type": "InlineDirective",
            "directive_id": 4,
            "span": {
              "start": {
                "line": 1,
                "column": 26
              },
              "end": {
                "line": 1,
                "column": 61
              }
            },
            "name": "cite",
            "content": [
              {
                "type": "Text",
                "value": "Tanenbaum, Computer Networks"
              }
            ],
            "raw_content": "Tanenbaum, Computer Networks"
          },
          {
            "type": "Text",
            "value": " on token bucket algorithms."
          }
        ]
      },
      {
        "type": "Heading",
        "level": 2,
        "content": [
          {
            "type": "Text",
            "value": "Rust Client"
          }
        ]
      },
      {
        "type": "Paragraph",
        "content": [
          {
            "type": "Text",
            "value": "Press "
          },
          {
            "type": "InlineDirective",
            "directive_id": 5,
            "span": {
              "start": {
                "line": 1,
                "column": 7
              },
              "end": {
                "line": 1,
                "column": 25
              }
            },
            "name": "kbd",
            "content": [
              {
                "type": "Text",
                "value": "Ctrl+Shift+B"
              }
            ],
            "raw_content": "Ctrl+Shift+B"
          },
          {
            "type": "Text",
            "value": " to build the project, or "
          },
          {
            "type": "InlineDirective",
            "directive_id": 6,
            "span": {
              "start": {
                "line": 1,
                "column": 51
              },
              "end": {
                "line": 1,
                "column": 59
              }
            },
            "name": "kbd",
            "content": [
              {
                "type": "Text",
                "value": "F5"
              }
            ],
            "raw_content": "F5"
          },
          {
            "type": "Text",
            "value": " to run with the debugger attached."
          }
        ]
      },
      {
        "type": "CodeBlock",
        "language": "rust",
        "content": "pub fn allow(tokens: u32, requested: u32) -> bool {\n    tokens >= requested\n}",
        "attrs": {
          "classes": [
            "line-numbers"
          ],
          "pairs": {
            "highlight": "3"
          }
        }
      },
      {
        "type": "Table",
        "headers": [
          {
            "content": [
              {
                "type": "Text",
                "value": "Field"
              }
            ]
          },
          {
            "content": [
              {
                "type": "Text",
                "value": "Required"
              }
            ]
          },
          {
            "content": [
              {
                "type": "Text",
                "value": "Example"
              }
            ]
          }
        ],
        "rows": [
          [
            {
              "content": [
                {
                  "type": "Text",
                  "value": "capacity"
                }
              ]
            },
            {
              "content": [
                {
                  "type": "Text",
                  "value": "yes"
                }
              ]
            },
            {
              "content": [
                {
                  "type": "Text",
                  "value": "120"
                }
              ]
            }
          ],
          [
            {
              "content": [
                {
                  "type": "Text",
                  "value": "refill_per_sec"
                }
              ]
            },
            {
              "content": [
                {
                  "type": "Text",
                  "value": "yes"
                }
              ]
            },
            {
              "content": [
                {
                  "type": "Text",
                  "value": "10"
                }
              ]
            }
          ],
          [
            {
              "content": [
                {
                  "type": "Text",
                  "value": "burst"
                }
              ]
            },
            {
              "content": [
                {
                  "type": "Text",
                  "value": "no"
                }
              ]
            },
            {
              "content": [
                {
                  "type": "Text",
                  "value": "240"
                }
              ]
            }
          ]
        ],
        "alignments": [
          "Left",
          "Center",
          "Right"
        ]
      },
      {
        "type": "DefinitionList",
        "items": [
          {
            "term": [
              {
                "type": "Text",
                "value": "Capacity"
              }
            ],
            "definitions": [
              [
                {
                  "type": "Paragraph",
                  "content": [
                    {
                      "type": "Text",
                      "value": "The maximum number of tokens the bucket can hold."
                    }
                  ]
                }
              ]
            ]
          },
          {
            "term": [
              {
                "type": "Text",
                "value": "Burst"
              }
            ],
            "definitions": [
              [
                {
                  "type": "Paragraph",
                  "content": [
                    {
                      "type": "Text",
                      "value": "A temporary allowance above the steady-state "
                    },
                    {
                      "type": "InlineDirective",
                      "directive_id": 7,
                      "span": {
                        "start": {
                          "line": 1,
                          "column": 46
                        },
                        "end": {
                          "line": 1,
                          "column": 84
                        }
                      },
                      "name": "abbr",
                      "content": [
                        {
                          "type": "Text",
                          "value": "QoS"
                        }
                      ],
                      "raw_content": "QoS",
                      "attrs": {
                        "pairs": {
                          "title": "Quality of Service"
                        }
                      }
                    },
                    {
                      "type": "Text",
                      "value": " request rate."
                    }
                  ]
                }
              ]
            ]
          }
        ]
      },
      {
        "type": "FootnoteDefinition",
        "label": "rate",
        "content": [
          {
            "type": "Paragraph",
            "content": [
              {
                "type": "Text",
                "value": "Production systems usually derive "
              },
              {
                "type": "InlineCode",
                "value": "r"
              },
              {
                "type": "Text",
                "value": " from a per-second throughput budget."
              }
            ]
          }
        ]
      }
    ]
  },
  "errors": []
}
