---
source: crates/etch-core/tests/corpus_tests.rs
expression: result
---
{
  "document": {
    "frontmatter": null,
    "body": [
      {
        "type": "Paragraph",
        "content": [
          {
            "type": "Text",
            "value": "This paragraph starts on one line"
          },
          {
            "type": "SoftBreak"
          },
          {
            "type": "Text",
            "value": "continues on the next line"
          },
          {
            "type": "SoftBreak"
          },
          {
            "type": "Text",
            "value": "and ends on a third line."
          }
        ]
      }
    ]
  },
  "errors": []
}
