---
source: crates/etch-core/tests/corpus_tests.rs
expression: result
---
{
  "document": {
    "frontmatter": null,
    "body": [
      {
        "type": "List",
        "ordered": false,
        "items": [
          {
            "content": [
              {
                "type": "Paragraph",
                "content": [
                  {
                    "type": "Text",
                    "value": "Review the "
                  },
                  {
                    "type": "Strong",
                    "content": [
                      {
                        "type": "Text",
                        "value": "safety checklist"
                      }
                    ]
                  },
                  {
                    "type": "Text",
                    "value": " before departure."
                  }
                ]
              }
            ]
          },
          {
            "content": [
              {
                "type": "Paragraph",
                "content": [
                  {
                    "type": "Text",
                    "value": "Leave the "
                  },
                  {
                    "type": "Emphasis",
                    "content": [
                      {
                        "type": "Text",
                        "value": "fragile maps"
                      }
                    ]
                  },
                  {
                    "type": "Text",
                    "value": " on the top shelf."
                  }
                ]
              }
            ]
          },
          {
            "content": [
              {
                "type": "Paragraph",
                "content": [
                  {
                    "type": "Text",
                    "value": "Run "
                  },
                  {
                    "type": "InlineCode",
                    "value": "etch validate notes.etch"
                  },
                  {
                    "type": "Text",
                    "value": " before publishing."
                  }
                ]
              }
            ]
          },
          {
            "content": [
              {
                "type": "Paragraph",
                "content": [
                  {
                    "type": "Text",
                    "value": "Read the "
                  },
                  {
                    "type": "Link",
                    "url": "https://docs.etch-lang.dev/guide/field-notes",
                    "content": [
                      {
                        "type": "Text",
                        "value": "field guide"
                      }
                    ]
                  },
                  {
                    "type": "Text",
                    "value": " on the train."
                  }
                ]
              }
            ]
          }
        ]
      }
    ]
  },
  "errors": []
}
